;data.map
;Copyright (c) 2002 SIL International.

EncodingName	'UPPERCASE'
DescriptiveName	'Upper Case'

ByteDefault		'?'
UniDefault		replacement_character

ByteClass [control] = ( 0x00 .. 0x1F )
UniClass [control] = ( U+0000 .. U+001F )
ByteClass [below] = ( 0x21 .. 0x40 )
UniClass [below] = ( U+0021 .. U+0040 )
ByteClass [upper] = ( 0x41 .. 0x5A )
UniClass [upper] = ( U+0041 .. U+005A )
ByteClass [middle] = ( 0x5B .. 0x60 )
UniClass [middle] = ( U+005B .. U+0060 )
ByteClass [above] = ( 0x7B .. 0xFF )
UniClass [above] = ( U+007B .. U+00FF )

[control]	<>	[control]
[below]	<>	[below]
[upper]	<>	[upper]
[middle]	<>	[middle]
[above]	<>	[above]

; space to two tildes
0x20	<>	U+007E U+007E

;lower case to upper case
0x61	<>	U+0041
0x62	<>	U+0042
0x63	<>	U+0043
0x64	<>	U+0044
0x65	<>	U+0045
0x66	<>	U+0046
0x67	<>	U+0047
0x68	<>	U+0048
0x69	<>	U+0049
0x6a	<>	U+004a
0x6b	<>	U+004b
0x6c	<>	U+004c
0x6d	<>	U+004d
0x6e	<>	U+004e
0x6f	<>	U+004f
0x70	<>	U+0050
0x71	<>	U+0051
0x72	<>	U+0052
0x73	<>	U+0053
0x74	<>	U+0054
0x75	<>	U+0055
0x76	<>	U+0056
0x77	<>	U+0057
0x78	<>	U+0058
0x79	<>	U+0059
0x7a	<>	U+005a
